// Jest Snapshot v1, https://goo.gl/fbAQLP

exports[`<VendorWallet /> should render correctly vendor wallet container 1`] = `<ChluIPFSWrappedComponent />`;
