// Jest Snapshot v1, https://goo.gl/fbAQLP

exports[`<Drawer /> should render correctly drawer component 1`] = `
<Connect(DrawerComponent)
  drawerOpen={true}
  toggleDrawer={[Function]}
/>
`;
