// Jest Snapshot v1, https://goo.gl/fbAQLP

exports[`<Profile /> should render correctly profile container 1`] = `<Connect(Profile) />`;
